publish vanilla (test catalog):
  steps:
    publish:
      input:
        featuredFlavour: vanilla
        headline: Fresh vanilla, all week
        shelf: test-shelf
      output:
        url: https://storefront.example/menu
  output:
    featured: vanilla
publish chocolate (test catalog):
  steps:
    publish:
      input:
        featuredFlavour: chocolate
        headline: Double chocolate season
        shelf: test-shelf
      output:
        url: https://storefront.example/menu
  output:
    featured: chocolate
publish with a long headline:
  steps:
    publish:
      input:
        featuredFlavour: vanilla
        headline: Our seasonal vanilla is back — pre-order now for the weekend rush
        shelf: test-shelf
      output:
        url: https://storefront.example/menu
  output:
    featured: vanilla
